[    0.000000 Linux version 4.15.0-45-geerc (buildd@lgw01-amd64-031) (gcc version 7.3.0 (Ubuntu 7.3.0-16ubuntu3)) #48-Ubuntu SMP Tue Jan 29 16:28:13 UTC 2019 (Ubuntu 4.15.0-45.48-generic 4.15.18)
[    0.000000] Command line: BOOT_IMAGE=/boot/vmlinuz-4.15.0-45-generic root=UUID=4c388bae-ea47-4665-9a1a-99ab19f1ad0b ro console=tty1 console=ttyS0
[    0.000000] KERNEL suppord cpus:
[   .000000]   ntelGeuieIntel
[    0.000000]  AD uthenticAMD
[    000000   Centaur CentaurHauls
[    0.000000] x86/fpu: Supporting XSAVE featre 0x001: x87 floating poit regsters'
[    0.00000 x86/fu: Suporting XSAVE feature 0x002: 'SSE registers'
   0.000000] x86/pu Spportig SAE featu 0x04: 'AVX registers'
[  0.000000]x86/fpu: xstate_offset[2]:  576, xstate_sizes[2]:  256
[    0.000000] x86/fpu: Eabled xstate features 0x7, context se s 832 bytes, using 'standard' format.
[    0.000000] e820: BIOS-provided physical RAM map:
[    0.000000] BIOS-e820: [mem 0x0000000000000000-0x000000000009fbff] usae
[  0.00000] BIOS-e820: [mem 0x000000000009fc00-0x000000000009ffff] reserved
[    0.000000] BIOS-e820: [mem 0x00000000000f0000-0x00000000000fffff] reserved
[    0.0000000] BIOS-e820: [mem 0x0000000000100000-0x000000003ffeffff] usable
[    0.000000] BIOS-e820: [mem 0x000000003fff0000-0x000000003fffffff] ACPI data
[    0.00000] BIOS-e820: [mem 0x00000000fec00000-0x00000000fec00fff] reservd
[    0.000000] BIOS-e820: [mem 0x000000fee00000-0x00000000fee00fff] reserved
[    0.000000] BIOS-e20: [em 0x00000000fc0000-0x00000000ffffffff] reserved
[    0.00000] NX (Execute Disable) protection: active
[    0.000000] SMBIOS 2.5 present.
[    0.00000] DMI: innotek GmbHVirtualBoxirtualBox, BIOS VirtualBox 12/01/2006
[   .000000] Hypervisor detected: KVM
[    0.000000] e820: last_pfn = 0xff max_arcpf = 0x400000
[    0.000000] MTRR: Disabled
[    0.0000000] x86/PAT: MTRRs disabled, skipping PAT initialization too.
[    0.000000] CPU MTRRs all blank - virtualized system.
[    0.000000] x86/PAT: Configuraon [0-7]: WB  WT  UC- UC  WB  WT  UC- UC  
[    0.000000] found SMP MP-table at [mem 0x0009fff0-0x0009ffff] mapped at [        (ptrval)]
[    0.000000] Scanning 1 areas for low memory corruption
[    0.00000] RAMDISK: [mem 0x359db000-0x36ce4fff]
[    0.000000] ACPI: Early table checksum verification disbled
[    0.000000] ACPI: RSD 000000000000E0000 00024(v2 VBOX  )
[    0.000000] ACPI: XSDT 0x000000003FFF0030 00003C (v01 VBOX   VBOXXSDT 00000001 ASL  00000061)
[    0.000000]CPI: FACPx0000000FFF00F0 0000F4 (v04 VBOX   VBOXFACP 00000001 ASL  00000061)
[    0.000000] ACPI: DSDT 0x000000003FFF0470 0021FF (v02 VBX  VBOXBS 0000002 INTL 20100528)
[     0.000000] ACPI: FACS 0x000000003FFF0200 000040
[    0.000000] ACPI: FACS 0x000000003FFF0200 000040
[    0.000000] ACPI: APIC 0x000000003FFF0240 00005C (v02 VBOX   VBOXAPIC 00000001 ASL  00000061)
[    0.000000] ACPI: SSDT 0x000000003FFF02A0 0001CC (v01 VBOX   VBOXCPUT 00000002 INTL 20100528)
[    0.000000] No NUMA configuration found
[    0.000000] Faking a ode at [mem 0x0000000000000000-0x000000003ffeffff]
[    0.000000] NODE_DATA(0) allocated [mem 0x3ffc5000-0x3ffeffff]
[    0.000000] kvm-clock: cu 0, msr 0:3ff44001, pimary cpu clock
[    0.000000] kvm-clock: Using msrs 4b564d1 and4b564d00
[    0.000000] kvm-clock: using sched offset of 4328804 cycles
[    0.00000] locksource: km-lock mask: 0xffffffffffffff max_cyle: x1cd42e4dffb, max_idle_ns: 881590591483 ns
[    0.0000] Zone ranges:
[    0.000000]   DMA      [mem 0x000000000100-0x00000000ffff
[    0.000000]   DMA32    [mem 0x0000000001000000-0x000000003ffeffff]
[    0.000000]   Norml  empty
   0.000000]   Device   empty
[    0.000000] Movable zone start for each node
[    0.000000] Early memory node ranges
[    0.000000]   node   0: [mem 0x0000000000001000-0x000000000009efff]
[    0.000000]   node   0: [mem0x000000000100000-0x000003ffeffff]
[    0.0000]Reservd utunavaibl: 114 pages
[    0.000000] Initmem setup node 0 [mem 0x0000000000001000-0x000000003ffeffff]
[    0.000000] ACPI: PM-Timer IO Port: 0x4008
[    0.000000] IOAPIC[: pic_id 2, version 32, address 0xfeec00000, GSI 0-23
[    0.000000] ACPI: INT_SRC_OVR (bus 0 bus_irq 0 global_irq 2 dfl dfl)
[    0.000000] ACPI: INT_SRC_OVR (bus 0 bus_irq 9 global_irq 9 low level)
[    0.000000] Using ACPI (MADT) fo SMP configuration information
[    0.000000] smpboot: Allowin 2 CPUs, 0 otplugCPs
[    0.000] PM: Regtered nosave memory: [mem 0x00000000-0x00000fff]
[    0.00000] PM: Registered navee memoy:[mem0x000900-0x0009ff]
[    0.0000] PM: Rgistered nosave memory:me 0x000a0000-0x000effff]
[    0.000000] PM: Registered nosave memory: [mem 0x000f0000-0x000fffff]
[    0.000000] e820: [mem 0x40000000-0xfebfffff] available for PCI devices
[    0.000000] Boong paraviruaizedkernel on M
[  0.00000] clocksorc: efinediffies: mask: 0xffffffff max_cycles: 0xffffffff, max_idle_ns: 7645519600211568 ns
[    0.000000] random: get_random_bytes called from start_kernel+x99/0x4fd with crng_init=0
[    0.000000] setup_percpu: NR_CPUS:8192 nr_cpumask_bits:2 nr_cpu_ids:2 nr_node_ids:1
[    0.000000] percpu: Embedded 46 pages/cpu @        (ptrval) s151552 r8192 d28672 u1048576
[    0.000000] PV qspinlock hash table entries: 256 (order: 0, 4096 bytes)
[    0.000000] Built 1 zonelists, mobility grouping on.  Total pages: 257913
[    0.000000] Policy zone: DMA32
[    0.000000] Kernel command line: BOOT_IMAGE=/boot/vmlinuz-4.15.0-45-generic root=UUID=4c388bae-ea47-4665-9a1a-99ab19f1ad0b ro console=tty1 console=ttyS0
[    0.000000] Memory: 983088K/1048120K available (12300K kernel code, 2473K rwdata, 4252K rodata, 2408K init, 2416K bss, 65032K reserved, 0K cma-reserved)
[    0.000000] SLUBHWlign=6, rdr=0-3, MinObjects=0, CPUs=2, Nodes=1
[    0.000000] Kernel/User page tables isolation: enabled
[    0.000000] ftrace: allocating 39194 entries in 154 pages
[    0.004000] Hierarchical RCU implementation.
[    0.004000] 	RCU restricting CPUs from NR_CPUS=8192 to nr_cpu_ids=2.
[    0.004000] 	Tasks RCU enabled.
[    0.004000] RCU: Adjusting geometry for rcu_fanout_leaf=16, nr_cpu_ids=2
[    0.004000] NR_IRQS: 524544, nr_irqs: 440, preallocated irqs: 16
[    0.004000] Console: colour VGA+ 80x25
[    0.004000] console [tty1] enabled
[    0.00000] cnsole [ttyS0] enabled
[    0.004000] ACPI: Core revision 20170831
[    0.004000] ACPI: 2 ACPI AML tables successfully acquired and loaded
[    0.004000] APIC: Switch to symmetric I/O mode setup
[    0.004000] x2apic enabled
[    0.004006] Switched APIC routing to physical x2apic.
[    0.008815] ..TIMER: vector=0x30 apic1=0 pin1=2 apic2=-1 pin2=-1
[    0.012002] tsc: Detected 2495.998 MHz processor
[    0.013270] Calibrating delay loop (skipped) preset value.. 4991.99 BogoMIPS (lpj=9983992)
[    0.016004] pid_max: default: 32768 minimum: 301
[    0.020035] Security Framework initialized
[    0.024005] Yama: becoming mindful.
[    0.028031] AppArmor: AppArmor initialized
[    0.030710] Dentry cache hash table entries: 131072 (order: 8, 1048576 bytes)
[    0.032086] Inode-cache hash table entries: 65536 (order: 7, 524288 bytes)
[    0.036014] Mount-cache hash table entries: 2048 (order: 2, 16384 bytes)
[    0.040015] Mountpoint-cache hash table entries: 2048 (order: 2, 16384 bytes)
[    0.044210] mce: CPU supports 0 MCE banks
[    0.048019] Last level iTLB entries: 4KB 64, 2MB 8, 4MB 8
[    0.052006] Last level dTLB entries: 4KB 64, 2MB 0, 4MB 0, 1GB 4
[    0.056005] Spectre V2 : Mitigation: Full generic retpoline
[    0.060002] Spectre V2 : Spectre v2 / SpectreRSB mitigation: Filling RSB on context switch
[    0.062229] Speculative Store Bypass: Vulnerable
[    0.064078] Freeing SMP alternatives memory: 36K
[    0.072000] smpboot: CPU0: Intel(R) Core(TM) i7-7660U CPU @ 2.50GHz (family: 0x6, model: 0x8e, stepping: 0x9)
[    0.072000] Performance Events: unsupported p6 CPU model 142 no PMU driver, software events only.
[    0.072057] Hierarchical SRCU implementation.
[    0.076699] NMI watchdog: Perf event create on CPU 0 failed with -2
[    0.080007] NMI watchdog: Perf NMI watchdog permanently disabled
[    0.084074] smp: Bringing up secondary CPUs ...
[    0.088077] x86: Booting SMP configuration:
[    0.092004] .... node  #0, CPUs:      #1
[    0.004000] kvm-clock: cpu 1, msr 0:3ff44041, secondary cpu clock
[    0.004000] mce: CPU supports 0 MCE banks
[    0.106199] smp: Brought up 1 node, 2 CPUs
[    0.108005] smpboot: Max logical packages: 1
[    0.112004] smpboot: Total of 2 processors activated (9983.99 BogoMIPS)
[    0.120003] devtmpfs: initialized
[    0.124052] x86/mm: Memory block size: 128MB
[    0.125392] evm: security.selinux
[    0.128004] evm: security.SMACK64
[    0.132002] evm: security.SMACK64EXEC
[    0.136001] evm: security.SMACK64TRANSMUTE
[    0.137282] evm: security.SMACK64MMAP
[    0.140002] evm: security.apparmor
[    0.142186] evm: security.ima
[    0.144002] evm: security.capability
[    0.148124] clocksource: jiffies: mask: 0xffffffff max_cycles: 0xffffffff, max_idle_ns: 7645041785100000 ns
[    0.152014] futex hash table entries: 512 (order: 3, 32768 bytes)
[    0.156072] pinctrl core: initialized pinctrl subsystem
[    0.161762] RTC time:  4:28:12, date: 02/23/19
[    0.164182] NET: Registered protocol family 16
[    0.165551] audit: initializing netlink subsys (disabled)
[    0.168043] audit: type=2000 audit(1550896093.081:1): state=initialized audit_enabled=0 res=1
[    0.220010] cpuidle: using governor ladder
[    0.224008] cpuidle: using governor menu
[    0.228055] ACPI: bus type PCI registered
[    0.232004] acpiphp: ACPI Hot Plug PCI Controller Driver version: 0.5
[    0.236126] PCI: Using configuration type 1 for base access
[    0.240791] HugeTLB registered 2.00 MiB page size, pre-allocated 0 pages
[    0.244107] ACPI: Added _OSI(Module Device)
[    0.248005] ACPI: Added _OSI(Processor Device)
[    0.252003] ACPI: Added _OSI(3.0 _SCP Extensions)
[    0.256008] ACPI: Added _OSI(Processor Aggregator Device)
[    0.260011] ACPI: Added _OSI(Linux-Dell-Video)
[    0.261142] ACPI: Added _OSI(Linux-Lenovo-NV-HDMI-Audio)
[    0.262444] ACPI: Added _OSI(Linux-HPI-Hybrid-Graphics)
[    0.264573] ACPI: Executed 1 blocks of module-level executable AML code
[    0.269713] ACPI: Interpreter enabled
[    0.272054] ACPI: (supports S0 S5)
[    0.276005] ACPI: Using IOAPIC for interrupt routing
[    0.278571] PCI: Using host bridge windows from ACPI; if necessary, use "pci=nocrs" and report a bug
[    0.280492] ACPI: Enabled 2 GPEs in block 00 to 07
[    0.301417] ACPI: PCI Root Bridge [PCI0] (domain 0000 [bus 00-ff])
[    0.304011] acpi PNP0A03:00: _OSC: OS supports [ASPM ClockPM Segments MSI]
[    0.308052] acpi PNP0A03:00: _OSC: not requesting OS control; OS requires [ExtendedConfig ASPM ClockPM MSI]
[    0.312030] acpi PNP0A03:00: fail to add MMCONFIG information, can't access extended PCI configuration space under this bridge.
[    0.316478] PCI host bridge to bus 0000:00
[    0.320004] pci_bus 0000:00: root bus resource [io  0x0000-0x0cf7 window]
[    0.324003] pci_bus 0000:00: root bus resource [io  0x0d00-0xffff window]
[    0.328003] pci_bus 0000:00: root bus resource [mem 0x000a0000-0x000bffff window]
[    0.332003] pci_bus 0000:00: root bus resource [mem 0x40000000-0xfdffffff window]
[    0.336006] pci_bus 0000:00: root bus resource [bus 00-ff]
[    0.343121] pci 0000:00:01.1: legacy IDE quirk: reg 0x10: [io  0x01f0-0x01f7]
[    0.344003] pci 0000:00:01.1: legacy IDE quirk: reg 0x14: [io  0x03f6]
[    0.348003] pci 0000:00:01.1: legacy IDE quirk: reg 0x18: [io  0x0170-0x0177]
[    0.352003] pci 0000:00:01.1: legacy IDE quirk: reg 0x1c: [io  0x0376]
[    0.370589] pci 0000:00:07.0: quirk: [io  0x4000-0x403f] claimed by PIIX4 ACPI
[    0.372022] pci 0000:00:07.0: quirk: [io  0x4100-0x410f] claimed by PIIX4 SMB
[    0.390134] ACPI: PCI Interrupt Link [LNKA] (IRQs 5 9 10 *11)
[    0.392299] ACPI: PCI Interrupt Link [LNKB] (IRQs 5 9 *10 11)
[    0.396134] ACPI: PCI Interrupt Link [LNKC] (IRQs 5 *9 10 11)
[    0.397856] ACPI: PCI Interrupt Link [LNKD] (IRQs 5 9 10 *11)
[    0.400387] SCSI subsystem initialized
[    0.401554] pci 0000:00:02.0: vgaarb: setting as boot VGA device
[    0.404000] pci 0000:00:02.0: vgaarb: VGA device added: decodes=io+mem,owns=io+mem,locks=none
[    0.404012] pci 0000:00:02.0: vgaarb: bridge control possible
[    0.408002] vgaarb: loaded
[    0.408881] ACPI: bus type USB registered
[    0.412034] usbcore: registered new interface driver usbfs
[    0.416013] usbcore: registered new interface driver hub
[    0.420033] usbcore: registered new device driver usb
[    0.424069] EDAC MC: Ver: 3.0.0
[    0.428352] PCI: Using ACPI for IRQ routing
[    0.432387] NetLabel: Initializing
[    0.436003] NetLabel:  domain hash size = 128
[    0.440003] NetLabel:  protocols = UNLABELED CIPSOv4 CALIPSO
[    0.444023] NetLabel:  unlabeled traffic allowed by default
[    0.448099] clocksource: Switched to clocksource kvm-clock
[    0.4896] FS Dk uoasdqot6..0
[   .7534]VF: quot-cachehah tab entries: 512 (order 0, 4096 bytes)
[    1.013366] AppArmor: AppArmor Filesystem Enabled
[    1.059480] pnp: nP ACPI init[   .1115]pn: nPACPI fun 3deics
[  15342 cocsorc: cp_p: as: xffff axcycles 0xfffff, max_idle_ns: 20857002ns

[    2.01258 NT: Registered protocol family 2

[    2.080478] TCP established hash table entries: 8192 (order: 4, 65536 bytes)
[    2.082486] TCP bind hash table entries: 8192 (order: 5, 131072 bytes)
[    2.083962] TCP: Hash tables configured (established 8192 bind 8192)
[    2.085462] UDP hash table entries: 512 (order: 2, 16384 bytes)
[    2.086790] UDP-Lite hash table entries: 512 (order: 2, 16384 bytes)
[    2.088232] NET: Registered protocol family 1
[    2.089260] pci 0000:00:00.0: Limiting direct PCI/PCI transfers
[    2.090627] pci 0000:00:01.0: Activating ISA DMA hang workarounds
[    2.092107] pci 0000:00:02.0: Vio evcewih shdoedRO a [em0x00000-x00dff][   .5278] Unpacking initramfs...

[    2.895565] Freeing initrd memory: 19496K
[    2.910801] platform rtc_cmos: registered platform RTC device (no PNP device found)
[    2.919724] Scanning for low memory corruption every 60 seconds
[    2.922265] Initialise system trusted keyrings
[    2.947389] Key type blacklist registered
[    2.963127] workingset: timestamp_bits=36 max_order=18 bucket_order=0
[    3.002425] zbud: loaded
[    3.003557] squashfs: version 4.0 (2009/01/31) Phillip Lougher
[    3.034821] fuse init (API version 7.26)
[    3.052926] Key type asymmetric registered
[    3.053893] Asymmetric key parser 'x509' registered
[    3.055042] Block layer SCSI generic (bsg) driver version 0.4 loaded (major 246)
[    3.056924] io scheduler noop registered
[    3.086284] io scheduler deadline registered
[    3.106479] io scheduler cfq registered (default)
[    3.109656] ACPI: AC Adapter [AC] (off-line)
[    3.145874] input: Power Button as /devices/LNXSYSTM:00/LNXPWRBN:00/input/input0
[    3.159515] ACPI: Power Button [PWRF]
[    3.165459] input: Sleep Button as /devices/LNXSYSTM:00/LNXSLPBN:00/input/input1
[    3.167476] ACPI: Sleep Button [SLPF]
[    3.175871] ACPI: Battery Slot [BAT0] (battery present)
[    3.177598] Serial: 8250/16550 driver, 32 ports, IRQ sharing enabled
[    3.204727] 00:02: ttyS0 at I/O 0x3f8 (irq = 4, base_baud = 115200) is a 16550A
[    3.215409] Linux agpgart interface v0.103
[    3.222870] loop: module loaded
[    3.225511] scsi host0: ata_piix
[    3.235059] scsi host1: ata_piix
[    3.237018] ata1: PATA max UDMA/33 cmd 0x1f0 ctl 0x3f6 bmdma 0xd000 irq 14
[    3.242086] ata2: PATA max UDMA/33 cmd 0x170 ctl 0x376 bmdma 0xd008 irq 15
[    3.252904] libphy: Fixed MDIO Bus: probed
[    3.260573] tun: Universal TUN/TAP device driver, 1.6
[    3.273771] PPP generic driver version 2.4.2
[    3.285725] ehci_hcd: USB 2.0 'Enhanced' Host Controller (EHCI) Driver
[    3.322701] ehci-pci: EHCI PCI platform driver
[    3.324486] ehci-platform: EHCI generic platform driver
[    3.331236] ohci_hcd: USB 1.1 'Open' Host Controller (OHCI) Driver
[    3.341144] ohci-pci: OHCI PCI platform driver
[    3.358347] ohci-platform: OHCI generic platform driver
[    3.373287] uhci_hcd: USB Universal Host Controller Interface driver
[    3.411693] i8042: PNP: PS/2 Controller [PNP0303:PS2K,PNP0f03:PS2M] at 0x60,0x64 irq ,1
   3459582 serio: i8042 KBD port at 0x60,0x64 irq 1
[    3.548465] serio: i8042 AUX port at 0x60,0x64 irq 12

[    3.572699] mousedev: PS/2 mouse device common for all mice
[    3.623718] rtc_cmos rtc_cmos: rtc core: registered rtc_cmos as rtc0
[    3.665279] input: AT Translated Set 2 keyboard as /devices/platform/i8042/serio0/input/input2
[    3.668149] rtc_cmos rtc_cmos: alarms up to one day, 114 bytes nvram
[    3.669738] i2c /dev entries driver
[    3.670569] pcie_mp2_amd: AMD(R) PCI-E MP2 Communication Driver Versn:1.0
[    3.744245] device-mapper: uevent: versio 1.0.3

[    3.768073] device-mapper: ioctl: 4.37.0-ioctl (2017-09-20) initialised: dm-devel@redhat.com
[    3.827224] ledtrig-cpu: registered to indicate activity on CPUs
[    3.842553] NET: Registered protocol family 10
[    3.876340] Segment Routing with IPv6
[    3.885534] NET: Registered protocol family 17
[    3.889838] Key type dns_resolver registered
[    3.898795] RAS: Correctable Errors collector initialized.
[    3.940287] tsc: Refined TSC clocksource calibration: 2496.921 MHz
[    3.944642] sched_clock: Marking stable (3944597225, 0)->(9696837125, -5752239900)
[    3.947681] clocksource: tsc: mask: 0xffffffffffffffff max_cycles: 0x23fddd33732, max_idle_ns: 440795311032 ns
[    3.961162] registered taskstats version 1
[    3.966457] Loading compiled-in X.509 certificates
[    3.976069] Loaded X.509 cert 'Build time autogenerated kernel key: e3b8f44ffaaceef3e3a84cfaebd8e5a9acebeaad'
[    3.984180] zswap: loaded using pool lzo/zbud
[    3.998948] Key type big_key registered
[    4.023378] Key type trusted registered
[    4.070107] Key type encrypted registered
[    4.091938] AppArmor: AppArmor sha1 policy hashing enabled
[    4.093586] ima: No TPM chip found, activating TPM-bypass! (rc=-19)
[    4.107702] ima: Allocated hash algorithm: sha1
[    4.141049] evm: HMAC attrs: 0x1
[    4.170639]   Magic number: 7:52:465
[    4.172281] rtc_cmos rtc_cmos: setting system clock to 2019-02-23 04:28:17 UTC (1550896097)
[    4.213816] BIOS EDD facility v0.16 2004-Jun-25, 0 devices found
[    4.219861] EDD information not available.
[    4.252385] Freeing unused kernel memory: 2408K
[    4.268762] Write protecting the kernel read-only data: 20480k
[    4.286742] Freeing unused kernel memory: 2008K
[    4.300752] Freeing unused kernel memory: 1892K
[    4.311971] x86/mm: Checked W+X mappings: passed, no W+X pages found.
[    4.314694] x86/mm: Checking user space page tables
[    4.328183] x86/mm: Checked W+X mappings: passed, no W+X pages found.
Loading, please wait...
starting version 237
[    4.399384] Fusion MPT base driver 3.04.20
[    4.400700] Copyright (c) 1999-2008 LSI Corporation
[    4.414982] e1000: Intel(R) PRO/1000 Network Driver - version 7.3.21-k8-NAPI
[    4.417020] e1000: Copyright (c) 1999-2006 Intel Corporation.
[    4.422698] AVX2 version of gcm_enc/dec engaged.
[    4.423812] AES CTR mode by8 optimization enabled
[    4.427469] Fusion MPT SPI Host driver 3.04.20
[    4.622116] input: ImExPS/2 Generic Explorer Mouse as /devices/platform/i8042/serio1/input/input4
[    4.836096] e1000 0000:00:03.0 eth0: (PCI:33MHz:32-bit) 02:79:70:27:56:0f
[    4.883241] e1000 0000:00:03.0 eth0: Intel(R) PRO/1000 Network Connection
[    4.931882] mptbase: ioc0: Initiating bringup
[    5.060247] ioc0: LSI53C1030 A0: Capabilities={Initiator}
[    5.336439] scsi host2: ioc0: LSI53C1030 A0, FwRev=00000000h, Ports=1, MaxQ=256, IRQ=20
[    5.556914] scsi 2:0:0:0: Direct-Access     VBOX     HARDDISK         1.0  PQ: 0 ANSI: 5
[    5.588348] scsi target2:0:0: Beginning Domain Validation
[    5.593581] scsi target2:0:0: Domain Validation skipping write tests
[    5.598772] scsi target2:0:0: Ending Domain Validation
[    5.618491] scsi target2:0:0: asynchronous
[    5.640996] scsi 2:0:1:0: Direct-Access     VBOX     HARDDISK         1.0  PQ: 0 ANSI: 5
[    5.948124] scsi target2:0:1: Beginning Domain Validation
[    5.950178] random: fast init done
[    5.952082] scsi target2:0:1: Domain Validation skipping write tests
[    5.959132] scsi target2:0:1: Ending Domain Validation
[    5.962174] scsi target2:0:1: asynchronous
[    5.968664] random: systemd-udevd: uninitialized urandom read (16 bytes read)
[    5.970404] random: systemd-udevd: uninitialized urandom read (16 bytes read)
[    5.977584] sd 2:0:0:0: Attached scsi generic sg0 type 0
[    5.978931] sd 2:0:1:0: Attached scsi generic sg1 type 0
[    5.980327] random: systemd-udevd: uninitialized urandom read (16 bytes read)
[    5.982458] sd 2:0:1:0: [sdb] 20480 512-byte logical blocks: (10.5 MB/10.0 MiB)
[    5.986064] sd 2:0:1:0: [sdb] Write Protect is off
[    5.987754] sd 2:0:1:0: [sdb] Incomplete mode parameter data
[    5.989441] sd 2:0:1:0: [sdb] Assuming drive cache: write through
[    5.996143] sd 2:0:0:0: [sda] 20971520 512-byte logical blocks: (10.7 GB/10.0 GiB)
[    5.996377] sd 2:0:1:0: [sdb] Attached SCSI disk
[    6.021967] sd 2:0:0:0: [sda] Write Protect is off
[    6.031511] sd 2:0:0:0: [sda] Incomplete mode parameter data
[    6.060508] sd 2:0:0:0: [sda] Assuming drive cache: write through
[    6.068213]  sda: sda1
[    6.073872] sd 2:0:0:0: [sda] Attached SCSI disk
[    6.075659] e1000 0000:00:08.0 eth1: (PCI:33MHz:32-bit) 08:00:27:c1:ae:a9
[    6.116957] e1000 0000:00:08.0 eth1: Intel(R) PRO/1000 Network Connection
[    6.153300] e1000 0000:00:08.0 enp0s8: renamed from eth1
[    6.168418] e1000 0000:00:03.0 enp0s3: renamed from eth0
Begin: Loading essential drivers ... [    7.540210] raid6: sse2x1   gen() 12251 MB/s
[    7.592244] raid6: sse2x1   xor()  8284 MB/s
[    7.644167] raid6: sse2x2   gen()  6366 MB/s
[    7.692242] raid6: sse2x2   xor() 10374 MB/s
[    7.760228] raid6: sse2x4   gen() 19072 MB/s
[    7.824648] raid6: sse2x4   xor() 11422 MB/s
[    7.888250] raid6: avx2x1   gen() 23050 MB/s
[    7.936199] raid6: avx2x1   xor() 13575 MB/s
[    7.984066] raid6: avx2x2   gen() 21335 MB/s
[    8.048092] raid6: avx2x2   xor() 13422 MB/s
[    8.096044] raid6: avx2x4   gen() 22312 MB/s
[    8.148574] raid6: avx2x4   xor() 17800 MB/s
[    8.160662] raid6: using algorithm avx2x1 gen() 23050 MB/s
[    8.169791] raid6: .... xor() 13575 MB/s, rmw enabled
[    8.171606] raid6: using avx2x2 recovery algorithm
[    8.176825] xor: automatically using best checksumming function   avx       
[    8.201266] async_tx: api initialized (async)
done.
Begin: Running /scripts/init-premount ... done.
Begin: Mounting root file syst[    8.247166] Btrfs loaded, crc32c=crc32c-intel
em ... Begin: Running /scripts/local-top ... done.
Begin: Running /scripts/local-premount ... Scanning for Btrfs filesystems
done.
Warning: fsck no[    8.306052] EXT4-fs (sda1): INFO: recovery required on readonly filesystem
t present, so skipping root file[    8.369993] EXT4-fs (sda1): write access will be enabled during recovery
 system
[    8.660686] EXT4-fs (sda1): recovery complete
[    8.673800] EXT4-fs (sda1): mounted filesystem with ordered data mode. Opts: (null)
done.
Begin: Running /scripts/local-bottom ... done.
Begin: Running /scripts/init-bottom ... done.
[    8.924581] ip_tables: (C) 2000-2006 Netfilter Core Team
[    9.481305] systemd[1]: systemd 237 running in system mode. (+PAM +AUDIT +SELINUX +IMA +APPARMOR +SMACK +SYSVINIT +UTMP +LIBCRYPTSETUP +GCRYPT +GNUTLS +ACL +XZ +LZ4 +SECCOMP +BLKID +ELFUTILS +KMOD -IDN2 +IDN -PCRE2 default-hierarchy=hybrid)
[    9.599271] systemd[1]: Detected virtualization oracle.
[    9.628047] systemd[1]: Detected architecture x86-64.

Welcome to [1mUbuntu 18.04.1 LTS[0m!

[    9.681865] systemd[1]: Set hostname to <ubuntu-bionic>.
[   10.001725] systemd[1]: Reached target User and Group Name Lookups.
[[0;32m  OK  [0m] Reached target User and Group Name Lookups.
[   10.005095] systemd[1]: Started Forward Password Requests to Wall Directory Watch.
[[0;32m  OK  [0m] Started Forward Password Requests to Wall Directory Watch.
[   10.046607] systemd[1]: Created slice System Slice.
[[0;32m  OK  [0m] Created slice System Slice.
[   10.109162] systemd[1]: Listening on LVM2 metadata daemon socket.
[[0;32m  OK  [0m] Listening on LVM2 metadata daemon socket.
[   10.172446] systemd[1]: Listening on Syslog Socket.
[[0;32m  OK  [0m] Listening on Syslog Socket.
[   10.220236] systemd[1]: Listening on /dev/initctl Compatibility Named Pipe.
[[0;32m  OK  [0m] Listening on /dev/initctl Compatibility Named Pipe.
[[0;32m  OK  [0m] Created slice system-serial\x2dgetty.slice.
[[0;32m  OK  [0m] Listening on udev Kernel Socket.
[[0;32m  OK  [0m] Listening on Device-mapper event daemon FIFOs.
[[0;32m  OK  [0m] Listening on udev Control Socket.
[[0;32m  OK  [0m] Listening on Journal Audit Socket.
[[0;32m  OK  [0m] Listening on Journal Socket.
         Mounting Kernel Debug File System...
         Starting udev Coldplug all Devices...
         Starting Load Kernel Mo[   10.550737] Loading iSCSI transport class v2.0-870.
dules...
[   10.569169] random: crng init done
[   10.570220] random: 7 urandom warning(s) missed due to ratelimiting
         Starting Remount Root and Kernel File Systems...
         Starting Set the console keyboard layout...
[   10.579349] iscsi: registered transport (tcp)
         Starting Monitoring of LVM2 mirrorsâ€¦ng dmeventd or progress polling...
         Starting Uncomplicated firewall...
[[0;32m  OK  [0m] Reached target S[   10.605578] iscsi: registered transport (iser)
ystem Time Synchronized.
[[0;32m  OK  [0m] Listening on LVM2 poll daemon socket.
[[0;32m  OK  [0m] Reached target Swap.
         Starting Create list of required stâ€¦ce nodes for the current kernel...
[[0;32m  OK  [0m] Listening on Journal Socket (/dev/log).
         Starting Journal Service...
         Mounting POSIX Message Queue File System...
[[0;32m  OK  [0m] Listening on Network Service Netlink Socket.
[[0;32m  OK  [0m] Created slice User and Session Slice.[   10.687024] EXT4-fs (sda1): re-mounted. Opts: (null)

[[0;32m  OK  [0m] Reached target Slices.
[[0;32m  OK  [0m] Set up automount Arbitrary Executabâ€¦rmats File System Automount Point.
         Mounting Huge Pages File System...
[[0;32m  OK  [0m] Started Journal Service.
[[0;32m  OK  [0m] Mounted Kernel Debug File System.
[[0;32m  OK  [0m] Started Load Kernel Modules.
[[0;32m  OK  [0m] Started Remount Root and Kernel File Systems.
[[0;32m  OK  [0m] Started Uncomplicated firewall.
[[0;32m  OK  [0m] Started Create list of required staâ€¦vice nodes for the current kernel.
[[0;32m  OK  [0m] Mounted POSIX Message Queue File System.
[[0;32m  OK  [0m] Mounted Huge Pages File System.
[[0;32m  OK  [0m] Started LVM2 metadata daemon.
         Starting Create Static Device Nodes in /dev...
         Starting Load/Save Random Seed...
         Starting Initial cloud-init job (pre-networking)...
         Mounting Kernel Configuration File System...
         Mounting FUSE Control File System...
         Starting Apply Kernel Variables...
         Starting Flush Journal to Persistent Storage...
[[0;32m  OK  [0m] Started Set the console keyboard layout.
[[0;32m  OK  [0m] Started Monitoring of LVM2 mirrors,â€¦sing dmeventd or progress polling.
[[0;32m  OK  [0m] Started udev Coldplug all Devices.
[[0;32m  OK  [0m] Started Create Static Device Nodes in /dev.
[[0;32m  OK  [0m] Started Load/Save Random Seed.
[[0;32m  OK  [0m] Mounted Kernel Configuration File System.
[[0;32m  OK  [0m] Mounted FUSE Control File System.
         Starting udev Kernel Device Manager...
[[0;32m  OK  [0m] Reached target Local File Systems (Pre).
[[0;32m  OK  [0m] Reached target Local File Systems.
         Starting Tell Plymouth To Write Out Runtime Data...
         Starting AppArmor initialization...
         Starting Set console font and keymap...
         Starting ebtables ruleset management...
[[0;32m  OK  [0m] Started Apply Kernel Variables.
[[0;32m  OK  [0m] Started udev Kernel Device Manager.
[[0;32m  OK  [0m] Started Dispatch Password Requests to Console Directory Watch.
[[0;32m  OK  [0m] Reached target Local Encrypted Volumes.
[[0;32m  OK  [0m] Started Tell Plymouth To Write Out Runtime Data.
[[0;32m  OK  [0m] Started Set console font and keymap.
[[0;32m  OK  [0m] Started ebtables ruleset management.
[[0;32m  OK  [0m] Found device /dev/ttyS0.
[[0;32m  OK  [0m] Started Flush Journal to Persistent Storage.
         Starting Create Volatile Files and Directories...
[[0;32m  OK  [0m] Started Create Volatile Files and Directories.
         Starting Update UTMP about System Boot/Shutdown...
[[0;32m  OK  [0m] Listening on Load/Save RF Kill Switch Status /dev/rfkill Watch.
[[0;32m  OK  [0m] Started Update UTMP about System Boot/Shutdown.
[[0;32m  OK  [0m] Started AppArmor initialization.
[   12.581647] cloud-init[418]: Cloud-init v. 18.2 running 'init-local' at Sat, 23 Feb 2019 04:28:25 +0000. Up 12.40 seconds.
[[0;32m  OK  [0m] Started Initial cloud-init job (pre-networking).
[[0;32m  OK  [0m] Reached target Network (Pre).
         Starting Network Service...
[[0;32m  OK  [0m] Started Network Service.
         Starting Wait for Network to be Configured...
         Starting Network Name Resolution...
[[0;32m  OK  [0m] Started Network Name Resolution.
[[0;32m  OK  [0m] Reached target Host and Network Name Lookups.
[[0;32m  OK  [0m] Reached target Network.
[[0;32m  OK  [0m] Started Wait for Network to be Configured.
         Starting Initial cloud-init job (metadata service crawler)...
[   15.175416] cloud-init[732]: Cloud-init v. 18.2 running 'init' at Sat, 23 Feb 2019 04:28:28 +0000. Up 14.79 seconds.
[   15.178479] cloud-init[732]: ci-info: ++++++++++++++++++++++++++++++++++++++Net device info+++++++++++++++++++++++++++++++++++++++
[   15.180931] cloud-init[732]: ci-info: +--------+------+-----------------------------+---------------+--------+-------------------+
[   15.183253] cloud-init[732]: ci-info: | Device |  Up  |           Address           |      Mask     | Scope  |     Hw-Address    |
[   15.185704] cloud-init[732]: ci-info: +--------+------+-----------------------------+---------------+--------+-------------------+
[   15.191015] cloud-init[732]: ci-info: | enp0s3 | True |          10.0.2.15          | 255.255.255.0 | global | 02:79:70:27:56:0f |
[   15.193656] cloud-init[732]: ci-info: | enp0s3 | True |  fe80::79:70ff:fe27:560f/64 |       .       |  link  | 02:79:70:27:56:0f |
[[0;32m  OK  [0m] Started Initial cloud-init job (metadata service crawler).
[[0;32m  OK  [0m] Reached target System Initialization.
[[0;32m  OK  [0m] Listening on ACPID Listen Socket.
[   15.286791] cloud-init         Starting LXD - unix socket.
[732]: [[0;32m  OK  [0m] Started Daily Cleanup of Temporary Directories.
ci-info: | enp0s8 | True |        192.168.33.10        | 255.255.255.0 | global | 08:00:27:c1:ae:a9 |
[[0;32m  OK  [0m] Started ACPI Events Check.
[[   15.377542] [0;32m  OK  [0m] Reached target Paths.
cloud-init[[0;32m  OK  [0m] Listening on UUID daemon activation socket.
[732]: [[0;32m  OK  [0m] Listening on D-Bus System Message Bus Socket.
ci-info: | enp0s8 | True | fe80::a00:27ff:fec1:aea9/64 |       .       |  link  | 08:00:27:c1:ae:a9 |[[0;32m  OK  [0m] Started Discard unused blocks once a week.
[[0;32m  OK  [0m] Started Message of the Day.

         Starting Socket activation for snappy daemon.
[   15.398505] [[0;32m  OK  [0m] Started Daily apt download activities.
cloud-init[732]: ci-info: |   lo   | True |          127.0.0.1          |   255.0.0.0   |  host  |         .         |
[[   15.428185] cloud-init[732]: ci-info: |   lo   | True |           ::1/128           |       .       |  host  |         .         |
[0;32m  OK  [0m] Started Daily apt upgrade and clean activities.
[   15.429285] [[0;32m  OK  [0m] Reached target Timers.
cloud-init[[0;32m  OK  [0m] Reached target Network is Online.
[732]: ci-info: +--------+------+-----------------------------+---------------+--------+-------------------+
[   15.475105]          cloud-initStarting iSCSI initiator daemon (iscsid)...[732]: 
ci-info: +++++++++++++++++++++++++++++Route IPv4 info+++++++++++++++++++++++++++++
[[   15.540695] [0;32m  OK  [0m] Reached target Cloud-config availability.
cloud-init[[0;32m  OK  [0m] Listening on LXD - unix socket.
[732]: ci-info: +-------+--------------+----------+-----------------+-----------+-------+
[[   15.640514] [0;32m  OK  [0m] Listening on Socket activation for snappy daemon.
cloud-init[[0;32m  OK  [0m] Reached target Sockets.
[732]: [[0;32m  OK  [0m] Reached target Basic System.
[[0;32m  OK  [0m] Started FUSE filesystem for LXC.
         Starting LXD - container startup/shutdown...
ci-info: | Route | Destination  | Gateway  |     Genmask     | Interface | Flags |
         Starting LSB: Record successful boot for GRUB...
[   15.663166] cloud-init[732]: ci-info: +-------+--------------+----------+-----------------+-----------+-------+
[   15.676898] cloud-init[732]: ci-info: |   0   |   0.0.0.0    | 10.0.2.2 |     0.0.0.0     |   enp0s3  |   UG  |
[   15.680828] cloud-init[732]: ci-info: |   1   |   10.0.2.0   | 0.0.0.0  |  255.255.255.0  |   enp0s3  |   U   |
[   15.712466] cloud-init[732]: ci-info: |   2   |   10.0.2.2   | 0.0.0.0  | 255.255.255.255 |   enp0s3  |   UH  |
[[0;32m  OK  [0m] Started irqbalance daemon.
[   15.794051] cloud-init[732]: ci-info: |   3   | 192.168.33.0 | 0.0.0.0  |  255.255.255.0  |   enp0s8  |   U   |
[   15.799451] cloud-init[732]: ci-info: +-------+--------------+----------+-----------------+-----------+-------+
[   15.803290] cloud-init[732]: ci-info: +++++++++++++++++++Route IPv6 info+++++++++++++++++++
[[0;32m  OK  [0m] Started Regular background program processing daemon.
[   15.858823] cloud-init[732]:          Starting Accounts Service...
         Starting System Logging Service...
ci-info: +-------+-------------+---------+-----------+-------+
         [   15.908359] cloud-init[732]: ci-info: | Route | Destination | Gateway | Interface | Flags |
Starting Dispatcher daemon for systemd-networkd...
[   15.909405] cloud-init[732]: ci-info: +-------+-------------+---------+-----------+-------+
[   15.991577] cloud-init[732]: ci-info: |   1   |  fe80::/64  |    ::   |   enp0s8  |   U   |
[   15.993984] cloud-init[732]: ci-info: |   2   |  fe80::/64  |    ::   |   enp0s3  |   U   |
[   15.996587] cloud-init[732]: ci-info: |   4   |    local    |    ::   |   enp0s3  |   U   |
[   15.999167] cloud-init[732]: ci-info: |   5   |    local    |    ::   |   enp0s8  |   U   |
[   16.024240] cloud-init[732]: ci-info: |   6   |   ff00::/8  |    ::   |   enp0s8  |   U   |
[   16.069964] cloud-init[732]: ci-info: |   7   |   ff00::/8  |    ::   |   enp0s3  |   U   |
[   16.085561] cloud-init[732]: ci-info: +-------+-------------+---------+-----------+-------+
         Starting OpenBSD Secure Shell server...
[[0;32m  OK  [0m] Started Deferred execution scheduler.
         Starting Login Service...
         Starting Snappy daemon...
[[0;32m  OK  [0m] Started D-Bus System Message Bus.
[[0;32m  OK  [0m] Started Login Service.
         Starting Apply the settings specified in cloud-config...
         Starting vboxadd.service...
[[0;32m  OK  [0m] Started System Logging Service.
[[0;32m  OK  [0m] Started iSCSI initiator daemon (iscsid).
[[0;32m  OK  [0m] Reached target Remote File Systems (Pre).
[[0;32m  OK  [0m] Reached target Remote File Systems.
         Starting Permit User Sessions...
         Starting LSB: automatic crash report generation...
         Starting Availability of block devices...
[[0;32m  OK  [0m] Started OpenBSD Secure Shell server.
[[0;32m  OK  [0m] Started Dispatcher daemon for systemd-networkd.
[[0;32m  OK  [0m] Started Permit User Sessions.
         Starting Terminate Plymouth Boot Screen...
         Starting Hold until boot process finishes up...
[[0;32m  OK  [0m] Started Hold until boot process finishes up.
         Starting Set console scheme...
[[0;32m  OK  [0m] Started Serial Getty on ttyS0.
[[0;32m  OK  [0m] Started Terminate Plymouth Boot Screen.
[[0;32m  OK  [0m] Started Availability of block devices.
[[0;32m  OK  [0m] Started LXD - container startup/shutdown.
[[0;32m  OK  [0m] Started Set console scheme.
[[0;32m  OK  [0m] Created slice system-getty.slice.
[[0;32m  OK  [0m] Started Getty on tty1.
[[0;32m  OK  [0m] Reached target Login Prompts.
[[0;32m  OK  [0m] Started LSB: automatic crash report generation.
[[0;32m  OK  [0m] Started LSB: Record successful boot for GRUB.
         Starting Authorization Manager...
[[0;32m  OK  [0m] Started Snappy daemon.
         Starting Wait until snapd is fully seeded...
[[0;32m  OK  [0m] Started Authorization Manager.
[[0;32m  OK  [0m] Started Accounts Service.
[[0;32m  OK  [0m] Started Wait until snapd is fully seeded.
[[0;32m  OK  [0m] Started vboxadd.service.
[   17.288940]          Starting vboxadd-service.service...
cloud-init[995]: Cloud-init v. 18.2 running 'modules:config' at Sat, 23 Feb 2019 04:28:30 +0000. Up 17.15 seconds.
[[0;32m  OK  [0m] Started vboxadd-service.service.
[[0;32m  OK  [0m] Reached target Multi-User System.
[[0;32m  OK  [0m] Reached target Graphical Interface.
         Starting Update UTMP about System Runlevel Changes...
[[0;32m  OK  [0m] Started Update UTMP about System Runlevel Changes.
[[0;32m  OK  [0m] Started Apply the settings specified in cloud-config.
         Starting Execute cloud user/final scripts...
[   17.932575] cloud-init[1233]: Cloud-init v. 18.2 running 'modules:final' at Sat, 23 Feb 2019 04:28:31 +0000. Up 17.69 seconds.
[   17.937186] cloud-init[1233]: Cloud-init v. 18.2 finished at Sat, 23 Feb 2019 04:28:31 +0000. Datasource DataSourceNoCloud [seed=/dev/sdb][dsmode=net].  Up 17.91 seconds
[[0;32m  OK  [0m] Started Execute cloud user/final scripts.
[[0;32m  OK  [0m] Reached target Cloud-init target.

Ubuntu 18.04.1 LTS ubuntu-bionic ttyS0

ubuntu-bionic login: 